root@docker-desktop:~/docking_ws# cd /root/docking_ws && source install/setup.bash && ros2 run apriltag_docking mission_controller &
[1] 82020
root@docker-desktop:~/docking_ws# [INFO] [1766666318.905941742] [mission_controller]: Mission Controller Started
[INFO] [1766666321.907897253] [mission_controller]: === STARTING MISSION ===
[INFO] [1766666321.985796135] [mission_controller]: [STATE] Going to Docking Station 1
[INFO] [1766666321.987036395] [mission_controller]: Target tag set to: 1
^C
root@docker-desktop:~/docking_ws# cd /root/docking_ws && source install/setup.bash && ros2 run apriltag_docking apriltag_follower &
[2] 82212
root@docker-desktop:~/docking_ws# [INFO] [1766666330.199121023] [apriltag_follower]: AprilTag Follower Started
^C
root@docker-desktop:~/docking_ws# cd /root/docking_ws && source install/setup.bash && timeout 30 ros2 run apriltag_docking mission_controller
[INFO] [1766666338.039863499] [mission_controller]: Mission Controller Started
[INFO] [1766666341.042896106] [mission_controller]: === STARTING MISSION ===
[INFO] [1766666341.105588455] [mission_controller]: [STATE] Going to Docking Station 1
[INFO] [1766666341.107169199] [mission_controller]: Target tag set to: 1
[INFO] [1766666341.110940488] [apriltag_follower]: New target tag: 1
[INFO] [1766666341.111746441] [apriltag_follower]: Target 1 set - robot should start moving!
[INFO] [1766666342.072633917] [apriltag_follower]: Moving toward target 1...
[INFO] [1766666342.171630748] [apriltag_follower]: Moving toward target 1...
[INFO] [1766666342.271433236] [apriltag_follower]: Moving toward target 1...
[INFO] [1766666342.372021343] [apriltag_follower]: Moving toward target 1...
[INFO] [1766666342.471876577] [apriltag_follower]: Moving toward target 1...
[INFO] [1766666342.571712293] [apriltag_follower]: Moving toward target 1...
[INFO] [1766666342.671751843] [apriltag_follower]: Moving toward target 1...
[INFO] [1766666342.771580503] [apriltag_follower]: Moving toward target 1...
[INFO] [1766666342.871595199] [apriltag_follower]: Moving toward target 1...
[INFO] [1766666342.973717854] [apriltag_follower]: Moving toward target 1...
[INFO] [1766666344.071642320] [apriltag_follower]: Moving toward target 1...
[INFO] [1766666344.172035745] [apriltag_follower]: Simulated reach of tag 1!
[INFO] [1766666344.186812356] [mission_controller]: Target tag set to: 2
[INFO] [1766666344.187194430] [apriltag_follower]: New target tag: 2
[INFO] [1766666344.188259897] [apriltag_follower]: Target 2 set - robot should start moving!
[INFO] [1766666344.205992028] [mission_controller]: Target tag set to: 2
[INFO] [1766666344.206787980] [apriltag_follower]: New target tag: 2
[INFO] [1766666344.207924093] [apriltag_follower]: Target 2 set - robot should start moving!
[INFO] [1766666344.272027019] [apriltag_follower]: Moving toward target 2...
[INFO] [1766666344.371867444] [apriltag_follower]: Moving toward target 2...
[INFO] [1766666344.473781406] [apriltag_follower]: Moving toward target 2...
[INFO] [1766666344.571804381] [apriltag_follower]: Moving toward target 2...
[INFO] [1766666344.671920060] [apriltag_follower]: Moving toward target 2...
[INFO] [1766666344.772431921] [apriltag_follower]: Moving toward target 2...
[INFO] [1766666344.872469581] [apriltag_follower]: Moving toward target 2...
[INFO] [1766666344.972722074] [apriltag_follower]: Moving toward target 2...
[INFO] [1766666346.073713569] [apriltag_follower]: Moving toward target 2...
[INFO] [1766666346.171788953] [apriltag_follower]: Moving toward target 2...
[INFO] [1766666346.272282445] [apriltag_follower]: Moving toward target 2...
[INFO] [1766666346.372919017] [apriltag_follower]: Moving toward target 2...
[INFO] [1766666346.473152153] [apriltag_follower]: Moving toward target 2...
[INFO] [1766666346.572803937] [apriltag_follower]: Moving toward target 2...
[INFO] [1766666346.672693750] [apriltag_follower]: Moving toward target 2...
[INFO] [1766666346.773059664] [apriltag_follower]: Moving toward target 2...
[INFO] [1766666346.872928882] [apriltag_follower]: Moving toward target 2...
[INFO] [1766666346.973306137] [apriltag_follower]: Moving toward target 2...
[INFO] [1766666347.272459776] [apriltag_follower]: Simulated reach of tag 2!
[INFO] [1766666347.285793728] [mission_controller]: [STATE] Arrived at Docking Station 1
[INFO] [1766666347.305580137] [mission_controller]: [STATE] Arrived at Docking Station 1
[INFO] [1766666347.385871918] [mission_controller]: [STATE] Lifting rack UP
[INFO] [1766666347.405814538] [mission_controller]: [STATE] Lifting rack UP
[INFO] [1766666347.441417261] [mission_controller]: Lift position: 0.5
[INFO] [1766666347.441429801] [mission_controller]: Lift position: 0.5
[INFO] [1766666350.486380968] [mission_controller]: [STATE] Rack lifted!
[INFO] [1766666350.507034031] [mission_controller]: [STATE] Rack lifted!
[INFO] [1766666350.586593937] [mission_controller]: [STATE] Going to Docking Station 2
[INFO] [1766666350.588805274] [mission_controller]: Target tag set to: 3
[INFO] [1766666350.589757544] [apriltag_follower]: New target tag: 3
[INFO] [1766666350.590461008] [apriltag_follower]: Target 3 set - robot should start moving!
[INFO] [1766666350.605563307] [mission_controller]: [STATE] Going to Docking Station 2
[INFO] [1766666350.606624878] [mission_controller]: Target tag set to: 3
[INFO] [1766666350.607186537] [apriltag_follower]: New target tag: 3
[INFO] [1766666350.608212285] [apriltag_follower]: Target 3 set - robot should start moving!
[INFO] [1766666350.673861836] [apriltag_follower]: Moving toward target 3...
[INFO] [1766666350.773341065] [apriltag_follower]: Moving toward target 3...
[INFO] [1766666350.873650122] [apriltag_follower]: Moving toward target 3...
[INFO] [1766666350.973328417] [apriltag_follower]: Moving toward target 3...
[INFO] [1766666352.073649740] [apriltag_follower]: Moving toward target 3...
[INFO] [1766666352.174385682] [apriltag_follower]: Moving toward target 3...
[INFO] [1766666352.272653884] [apriltag_follower]: Moving toward target 3...
[INFO] [1766666352.371830235] [apriltag_follower]: Moving toward target 3...
[INFO] [1766666352.472311167] [apriltag_follower]: Moving toward target 3...
[INFO] [1766666352.571879361] [apriltag_follower]: Moving toward target 3...
[INFO] [1766666352.673586008] [apriltag_follower]: Moving toward target 3...
[INFO] [1766666352.772583250] [apriltag_follower]: Moving toward target 3...
[INFO] [1766666352.872759797] [apriltag_follower]: Moving toward target 3...
[INFO] [1766666352.972624478] [apriltag_follower]: Moving toward target 3...
[INFO] [1766666353.673826107] [apriltag_follower]: Simulated reach of tag 3!
[INFO] [1766666353.687764068] [mission_controller]: Target tag set to: 4
[INFO] [1766666353.688576241] [apriltag_follower]: New target tag: 4
[INFO] [1766666353.690324438] [apriltag_follower]: Target 4 set - robot should start moving!
[INFO] [1766666353.706953371] [mission_controller]: Target tag set to: 4
[INFO] [1766666353.708400603] [apriltag_follower]: New target tag: 4
[INFO] [1766666353.710395669] [apriltag_follower]: Target 4 set - robot should start moving!
[INFO] [1766666354.074078588] [apriltag_follower]: Moving toward target 4...
[INFO] [1766666354.173482502] [apriltag_follower]: Moving toward target 4...
[INFO] [1766666354.272181563] [apriltag_follower]: Moving toward target 4...
[INFO] [1766666354.373300926] [apriltag_follower]: Moving toward target 4...
[INFO] [1766666354.473377281] [apriltag_follower]: Moving toward target 4...
[INFO] [1766666354.573805339] [apriltag_follower]: Moving toward target 4...
[INFO] [1766666354.672468250] [apriltag_follower]: Moving toward target 4...
[INFO] [1766666354.772182253] [apriltag_follower]: Moving toward target 4...
[INFO] [1766666354.871537010] [apriltag_follower]: Moving toward target 4...
[INFO] [1766666354.972912692] [apriltag_follower]: Moving toward target 4...
[INFO] [1766666356.073003935] [apriltag_follower]: Moving toward target 4...
[INFO] [1766666356.172832850] [apriltag_follower]: Moving toward target 4...
[INFO] [1766666356.273098758] [apriltag_follower]: Moving toward target 4...
[INFO] [1766666356.373349514] [apriltag_follower]: Moving toward target 4...
[INFO] [1766666356.473251862] [apriltag_follower]: Moving toward target 4...
[INFO] [1766666356.572591560] [apriltag_follower]: Moving toward target 4...
[INFO] [1766666356.672928257] [apriltag_follower]: Moving toward target 4...
[INFO] [1766666356.772637850] [apriltag_follower]: Simulated reach of tag 4!
[INFO] [1766666356.785525017] [mission_controller]: [STATE] Arrived at Docking Station 2
[INFO] [1766666356.806197013] [mission_controller]: [STATE] Arrived at Docking Station 2
[INFO] [1766666356.886927274] [mission_controller]: [STATE] Lowering rack DOWN
[INFO] [1766666356.890938339] [mission_controller]: Lift position: 0.0
[INFO] [1766666356.906047463] [mission_controller]: [STATE] Lowering rack DOWN
[INFO] [1766666356.907201323] [mission_controller]: Lift position: 0.0
[INFO] [1766666359.986413361] [mission_controller]: [STATE] Rack lowered!
[INFO] [1766666360.007344729] [mission_controller]: [STATE] Rack lowered!
[INFO] [1766666360.088282618] [mission_controller]: [STATE] Returning to Charging Station
[INFO] [1766666360.091510346] [mission_controller]: Target tag set to: 5
[INFO] [1766666360.091893137] [apriltag_follower]: New target tag: 5
[INFO] [1766666360.093454641] [apriltag_follower]: Target 5 set - robot should start moving!
[INFO] [1766666360.106295019] [mission_controller]: [STATE] Returning to Charging Station
[INFO] [1766666360.108428075] [mission_controller]: Target tag set to: 5
[INFO] [1766666360.109670766] [apriltag_follower]: New target tag: 5
[INFO] [1766666360.111631937] [apriltag_follower]: Target 5 set - robot should start moving!
[INFO] [1766666360.173966930] [apriltag_follower]: Moving toward target 5...
[INFO] [1766666360.272921647] [apriltag_follower]: Moving toward target 5...
[INFO] [1766666360.372895418] [apriltag_follower]: Moving toward target 5...
[INFO] [1766666360.472507381] [apriltag_follower]: Moving toward target 5...
[INFO] [1766666360.572989891] [apriltag_follower]: Moving toward target 5...
[INFO] [1766666360.673422787] [apriltag_follower]: Moving toward target 5...
[INFO] [1766666360.772747644] [apriltag_follower]: Moving toward target 5...
[INFO] [1766666360.872746405] [apriltag_follower]: Moving toward target 5...
[INFO] [1766666360.972893641] [apriltag_follower]: Moving toward target 5...
[INFO] [1766666362.073436090] [apriltag_follower]: Moving toward target 5...
[INFO] [1766666362.173787477] [apriltag_follower]: Moving toward target 5...
[INFO] [1766666362.274419281] [apriltag_follower]: Moving toward target 5...
[INFO] [1766666362.373052745] [apriltag_follower]: Moving toward target 5...
[INFO] [1766666362.473872719] [apriltag_follower]: Moving toward target 5...
[INFO] [1766666362.572450837] [apriltag_follower]: Moving toward target 5...
[INFO] [1766666362.673404635] [apriltag_follower]: Moving toward target 5...
[INFO] [1766666362.773843431] [apriltag_follower]: Moving toward target 5...
[INFO] [1766666362.873572018] [apriltag_follower]: Moving toward target 5...
[INFO] [1766666362.973061329] [apriltag_follower]: Moving toward target 5...
[INFO] [1766666363.174409908] [apriltag_follower]: Simulated reach of tag 5!
[INFO] [1766666363.188456965] [mission_controller]: Target tag set to: 0
[INFO] [1766666363.188622793] [apriltag_follower]: New target tag: 0
[INFO] [1766666363.207579318] [mission_controller]: Target tag set to: 0
[INFO] [1766666363.208417214] [apriltag_follower]: New target tag: 0
Traceback (most recent call last):
  File "/root/docking_ws/install/apriltag_docking/lib/apriltag_docking/mission_controller", line 33, in <module>
    sys.exit(load_entry_point('apriltag-docking==1.0.0', 'console_scripts', 'mission_controller')())
  File "/root/docking_ws/build/apriltag_docking/apriltag_docking/mission_controller.py", line 160, in main
    rclpy.spin(node)
  File "/opt/ros/humble/local/lib/python3.10/dist-packages/rclpy/__init__.py", line 229, in spin
    executor.spin_once()
  File "/opt/ros/humble/local/lib/python3.10/dist-packages/rclpy/executors.py", line 751, in spin_once
    self._spin_once_impl(timeout_sec)
  File "/opt/ros/humble/local/lib/python3.10/dist-packages/rclpy/executors.py", line 740, in _spin_once_impl
    handler, entity, node = self.wait_for_ready_callbacks(timeout_sec=timeout_sec)
  File "/opt/ros/humble/local/lib/python3.10/dist-packages/rclpy/executors.py", line 723, in wait_for_ready_callbacks
    return next(self._cb_iter)
  File "/opt/ros/humble/local/lib/python3.10/dist-packages/rclpy/executors.py", line 624, in _wait_for_ready_callbacks
    raise ExternalShutdownException()
rclpy.executors.ExternalShutdownException
root@docker-desktop:~/docking_ws# 






cd /root/docking_ws && source install/setup.bash && (ros2 run apriltag_docking mission_controller &) && (ros2 run apriltag_docking apriltag_follower &) && sleep 20